2025-05-20 14:05:46 UTC
Windows-10-10.0.26100
Ren'Py 8.3.7.25031702

Early init took 0.06s
Loading error handling took 0.03s
Loading script took 0.16s
Loading save slot metadata took 0.02s
Loading persistent took 0.00s
Running init code took 0.04s
Loading analysis data took 0.02s
Analyze and compile ATL took 0.00s
Reloading save slot metadata took 0.01s
Index archives took 0.00s
Backing up script files to 'C:\\Users\\Hina\\AppData\\Roaming/RenPy/backups\\MentalHealthVN':
Dump and make backups took 0.05s
Cleaning cache took 0.00s
Making clean stores took 0.00s
Initial gc took 0.05s
DPI scale factor: 1.250000
nvdrs: Loaded, about to disable thread optimizations.
nvdrs: b"Couldn't load nvlib." (can be ignored)
Creating interface object took 0.00s
Cleaning stores took 0.00s
Init translation took 0.00s
Build styles took 0.00s
Load screen analysis took 0.00s
Analyze screens took 0.01s
Save screen analysis took 0.02s
Prepare screens took 0.09s
Save pyanalysis. took 0.00s
Save bytecode. took 0.03s
Running _start took 0.00s
Interface start took 0.30s

Initializing gl2 renderer:
primary display bounds: (0, 0, 1920, 1080)
swap interval: 1 frames
Windowed mode.
Vendor: "b'ATI Technologies Inc.'"
Renderer: b'AMD Radeon(TM) Graphics'
Version: b'4.6.0 Compatibility Profile Context 22.20.44.45.230320'
Display Info: None
Screen sizes: virtual=(1920, 1080) physical=(1736, 976) drawable=(1736, 976)
Maximum texture size: 4096x4096

Full traceback:
  File "game/script.rpy", line 27, in script
    e "You've created a new Ren'Py game."
  File "C:\Users\Hina\Documents\renpy-8.3.7-sdk\renpy\ast.py", line 2586, in execute
    Say.execute(self)
  File "C:\Users\Hina\Documents\renpy-8.3.7-sdk\renpy\ast.py", line 591, in execute
    statement_name(stmt_name)
  File "C:\Users\Hina\Documents\renpy-8.3.7-sdk\renpy\ast.py", line 58, in statement_name
    i(name)
  File "renpy/common/000window.rpy", line 132, in _window_auto_callback
    _window_show(auto=True)
  File "renpy/common/000window.rpy", line 75, in _window_show
    renpy.with_statement(trans)
  File "C:\Users\Hina\Documents\renpy-8.3.7-sdk\renpy\exports\statementexports.py", line 257, in with_statement
    return renpy.game.interface.do_with(trans, paired, clear=clear)
  File "C:\Users\Hina\Documents\renpy-8.3.7-sdk\renpy\display\core.py", line 1581, in do_with
    return self.interact(trans_pause=True,
  File "C:\Users\Hina\Documents\renpy-8.3.7-sdk\renpy\display\core.py", line 2218, in interact
    repeat, rv = self.interact_core(preloads=preloads, trans_pause=trans_pause, pause=pause, pause_start=pause_start, pause_modal=pause_modal, **kwargs) # type: ignore
  File "C:\Users\Hina\Documents\renpy-8.3.7-sdk\renpy\display\core.py", line 2882, in interact_core
    self.draw_screen(root_widget, fullscreen_video, (not fullscreen_video) or video_frame_drawn)
  File "C:\Users\Hina\Documents\renpy-8.3.7-sdk\renpy\display\core.py", line 1384, in draw_screen
    surftree = renpy.display.render.render_screen(
  File "render.pyx", line 486, in renpy.display.render.render_screen
  File "render.pyx", line 260, in renpy.display.render.render
  File "C:\Users\Hina\Documents\renpy-8.3.7-sdk\renpy\display\layout.py", line 900, in render
    surf = render(child, width, height, cst, cat)
  File "render.pyx", line 170, in renpy.display.render.render
  File "render.pyx", line 260, in renpy.display.render.render
  File "C:\Users\Hina\Documents\renpy-8.3.7-sdk\renpy\display\transition.py", line 384, in render
    top = render(self.new_widget, width, height, st, at)
  File "render.pyx", line 170, in renpy.display.render.render
  File "render.pyx", line 260, in renpy.display.render.render
  File "C:\Users\Hina\Documents\renpy-8.3.7-sdk\renpy\display\layout.py", line 900, in render
    surf = render(child, width, height, cst, cat)
  File "render.pyx", line 170, in renpy.display.render.render
  File "render.pyx", line 260, in renpy.display.render.render
  File "C:\Users\Hina\Documents\renpy-8.3.7-sdk\renpy\display\layout.py", line 900, in render
    surf = render(child, width, height, cst, cat)
  File "render.pyx", line 170, in renpy.display.render.render
  File "render.pyx", line 260, in renpy.display.render.render
  File "C:\Users\Hina\Documents\renpy-8.3.7-sdk\renpy\display\screen.py", line 755, in render
    child = renpy.display.render.render(self.child, w, h, st, at)
  File "render.pyx", line 170, in renpy.display.render.render
  File "render.pyx", line 260, in renpy.display.render.render
  File "C:\Users\Hina\Documents\renpy-8.3.7-sdk\renpy\display\layout.py", line 900, in render
    surf = render(child, width, height, cst, cat)
  File "render.pyx", line 170, in renpy.display.render.render
  File "render.pyx", line 260, in renpy.display.render.render
  File "C:\Users\Hina\Documents\renpy-8.3.7-sdk\renpy\display\layout.py", line 1457, in render
    surf = render(child,
  File "render.pyx", line 170, in renpy.display.render.render
  File "render.pyx", line 260, in renpy.display.render.render
  File "C:\Users\Hina\Documents\renpy-8.3.7-sdk\renpy\text\text.py", line 2627, in render
    virtual_layout = Layout(self, width, height, renders, drawable_res=False, size_only=True)
  File "C:\Users\Hina\Documents\renpy-8.3.7-sdk\renpy\text\text.py", line 776, in __init__
    glyphs = ts.glyphs(s, self)
  File "C:\Users\Hina\Documents\renpy-8.3.7-sdk\renpy\text\text.py", line 348, in glyphs
    fo = font.get_font(self.font, self.size, self.bold, self.italic, 0, self.antialias, self.vertical, self.hinting, layout.oversample, self.shaper, self.instance, self.axis)
  File "C:\Users\Hina\Documents\renpy-8.3.7-sdk\renpy\text\font.py", line 745, in get_font
    face = load_face(fn, shaper)
  File "C:\Users\Hina\Documents\renpy-8.3.7-sdk\renpy\text\font.py", line 673, in load_face
    raise Exception("Could not find font {0!r}.".format(orig_fn))
Exception: Could not find font 'font/Cantarell-Regullar.ttf'.

While running game code:
  File "game/script.rpy", line 27, in script
    e "You've created a new Ren'Py game."
  File "renpy/common/000window.rpy", line 132, in _window_auto_callback
    _window_show(auto=True)
  File "renpy/common/000window.rpy", line 75, in _window_show
    renpy.with_statement(trans)
Exception: Could not find font 'font/Cantarell-Regullar.ttf'.
While handling exception:
Traceback (most recent call last):
  File "C:\Users\Hina\Documents\renpy-8.3.7-sdk\renpy\execution.py", line 599, in run
    node.execute()
  File "C:\Users\Hina\Documents\renpy-8.3.7-sdk\renpy\ast.py", line 2586, in execute
    Say.execute(self)
  File "C:\Users\Hina\Documents\renpy-8.3.7-sdk\renpy\ast.py", line 591, in execute
    statement_name(stmt_name)
  File "C:\Users\Hina\Documents\renpy-8.3.7-sdk\renpy\ast.py", line 58, in statement_name
    i(name)
  File "renpy/common/000window.rpy", line 132, in _window_auto_callback
    _window_show(auto=True)
  File "renpy/common/000window.rpy", line 75, in _window_show
    renpy.with_statement(trans)
  File "C:\Users\Hina\Documents\renpy-8.3.7-sdk\renpy\exports\statementexports.py", line 257, in with_statement
    return renpy.game.interface.do_with(trans, paired, clear=clear)
  File "C:\Users\Hina\Documents\renpy-8.3.7-sdk\renpy\display\core.py", line 1581, in do_with
    return self.interact(trans_pause=True,
  File "C:\Users\Hina\Documents\renpy-8.3.7-sdk\renpy\display\core.py", line 2218, in interact
    repeat, rv = self.interact_core(preloads=preloads, trans_pause=trans_pause, pause=pause, pause_start=pause_start, pause_modal=pause_modal, **kwargs) # type: ignore
  File "C:\Users\Hina\Documents\renpy-8.3.7-sdk\renpy\display\core.py", line 2882, in interact_core
    self.draw_screen(root_widget, fullscreen_video, (not fullscreen_video) or video_frame_drawn)
  File "C:\Users\Hina\Documents\renpy-8.3.7-sdk\renpy\display\core.py", line 1384, in draw_screen
    surftree = renpy.display.render.render_screen(
  File "render.pyx", line 486, in renpy.display.render.render_screen
  File "render.pyx", line 260, in renpy.display.render.render
  File "C:\Users\Hina\Documents\renpy-8.3.7-sdk\renpy\display\layout.py", line 900, in render
    surf = render(child, width, height, cst, cat)
  File "render.pyx", line 170, in renpy.display.render.render
  File "render.pyx", line 260, in renpy.display.render.render
  File "C:\Users\Hina\Documents\renpy-8.3.7-sdk\renpy\display\transition.py", line 384, in render
    top = render(self.new_widget, width, height, st, at)
  File "render.pyx", line 170, in renpy.display.render.render
  File "render.pyx", line 260, in renpy.display.render.render
  File "C:\Users\Hina\Documents\renpy-8.3.7-sdk\renpy\display\layout.py", line 900, in render
    surf = render(child, width, height, cst, cat)
  File "render.pyx", line 170, in renpy.display.render.render
  File "render.pyx", line 260, in renpy.display.render.render
  File "C:\Users\Hina\Documents\renpy-8.3.7-sdk\renpy\display\layout.py", line 900, in render
    surf = render(child, width, height, cst, cat)
  File "render.pyx", line 170, in renpy.display.render.render
  File "render.pyx", line 260, in renpy.display.render.render
  File "C:\Users\Hina\Documents\renpy-8.3.7-sdk\renpy\display\screen.py", line 755, in render
    child = renpy.display.render.render(self.child, w, h, st, at)
  File "render.pyx", line 170, in renpy.display.render.render
  File "render.pyx", line 260, in renpy.display.render.render
  File "C:\Users\Hina\Documents\renpy-8.3.7-sdk\renpy\display\layout.py", line 900, in render
    surf = render(child, width, height, cst, cat)
  File "render.pyx", line 170, in renpy.display.render.render
  File "render.pyx", line 260, in renpy.display.render.render
  File "C:\Users\Hina\Documents\renpy-8.3.7-sdk\renpy\display\layout.py", line 1457, in render
    surf = render(child,
  File "render.pyx", line 170, in renpy.display.render.render
  File "render.pyx", line 260, in renpy.display.render.render
  File "C:\Users\Hina\Documents\renpy-8.3.7-sdk\renpy\text\text.py", line 2627, in render
    virtual_layout = Layout(self, width, height, renders, drawable_res=False, size_only=True)
  File "C:\Users\Hina\Documents\renpy-8.3.7-sdk\renpy\text\text.py", line 776, in __init__
    glyphs = ts.glyphs(s, self)
  File "C:\Users\Hina\Documents\renpy-8.3.7-sdk\renpy\text\text.py", line 348, in glyphs
    fo = font.get_font(self.font, self.size, self.bold, self.italic, 0, self.antialias, self.vertical, self.hinting, layout.oversample, self.shaper, self.instance, self.axis)
  File "C:\Users\Hina\Documents\renpy-8.3.7-sdk\renpy\text\font.py", line 745, in get_font
    face = load_face(fn, shaper)
  File "C:\Users\Hina\Documents\renpy-8.3.7-sdk\renpy\text\font.py", line 673, in load_face
    raise Exception("Could not find font {0!r}.".format(orig_fn))
Exception: Could not find font 'font/Cantarell-Regullar.ttf'.

During handling of the above exception, another exception occurred:

Traceback (most recent call last):
  File "C:\Users\Hina\Documents\renpy-8.3.7-sdk\renpy\display\error.py", line 140, in report_exception
    renpy.game.invoke_in_new_context(
  File "C:\Users\Hina\Documents\renpy-8.3.7-sdk\renpy\game.py", line 303, in invoke_in_new_context
    return callable(*args, **kwargs)
  File "C:\Users\Hina\Documents\renpy-8.3.7-sdk\renpy\display\error.py", line 48, in call_exception_screen
    return renpy.ui.interact(mouse="screen", type="screen", suppress_overlay=True, suppress_underlay=True)
  File "C:\Users\Hina\Documents\renpy-8.3.7-sdk\renpy\ui.py", line 301, in interact
    rv = renpy.game.interface.interact(roll_forward=roll_forward, **kwargs)
  File "C:\Users\Hina\Documents\renpy-8.3.7-sdk\renpy\display\core.py", line 2218, in interact
    repeat, rv = self.interact_core(preloads=preloads, trans_pause=trans_pause, pause=pause, pause_start=pause_start, pause_modal=pause_modal, **kwargs) # type: ignore
  File "C:\Users\Hina\Documents\renpy-8.3.7-sdk\renpy\display\core.py", line 2882, in interact_core
    self.draw_screen(root_widget, fullscreen_video, (not fullscreen_video) or video_frame_drawn)
  File "C:\Users\Hina\Documents\renpy-8.3.7-sdk\renpy\display\core.py", line 1384, in draw_screen
    surftree = renpy.display.render.render_screen(
  File "render.pyx", line 486, in renpy.display.render.render_screen
  File "render.pyx", line 260, in renpy.display.render.render
  File "C:\Users\Hina\Documents\renpy-8.3.7-sdk\renpy\display\layout.py", line 900, in render
    surf = render(child, width, height, cst, cat)
  File "render.pyx", line 170, in renpy.display.render.render
  File "render.pyx", line 260, in renpy.display.render.render
  File "C:\Users\Hina\Documents\renpy-8.3.7-sdk\renpy\display\layout.py", line 900, in render
    surf = render(child, width, height, cst, cat)
  File "render.pyx", line 170, in renpy.display.render.render
  File "render.pyx", line 260, in renpy.display.render.render
  File "C:\Users\Hina\Documents\renpy-8.3.7-sdk\renpy\display\layout.py", line 900, in render
    surf = render(child, width, height, cst, cat)
  File "render.pyx", line 170, in renpy.display.render.render
  File "render.pyx", line 260, in renpy.display.render.render
  File "C:\Users\Hina\Documents\renpy-8.3.7-sdk\renpy\display\screen.py", line 755, in render
    child = renpy.display.render.render(self.child, w, h, st, at)
  File "render.pyx", line 170, in renpy.display.render.render
  File "render.pyx", line 260, in renpy.display.render.render
  File "C:\Users\Hina\Documents\renpy-8.3.7-sdk\renpy\display\layout.py", line 900, in render
    surf = render(child, width, height, cst, cat)
  File "render.pyx", line 170, in renpy.display.render.render
  File "render.pyx", line 260, in renpy.display.render.render
  File "C:\Users\Hina\Documents\renpy-8.3.7-sdk\renpy\display\layout.py", line 1457, in render
    surf = render(child,
  File "render.pyx", line 170, in renpy.display.render.render
  File "render.pyx", line 260, in renpy.display.render.render
  File "C:\Users\Hina\Documents\renpy-8.3.7-sdk\renpy\text\text.py", line 2627, in render
    virtual_layout = Layout(self, width, height, renders, drawable_res=False, size_only=True)
  File "C:\Users\Hina\Documents\renpy-8.3.7-sdk\renpy\text\text.py", line 776, in __init__
    glyphs = ts.glyphs(s, self)
  File "C:\Users\Hina\Documents\renpy-8.3.7-sdk\renpy\text\text.py", line 348, in glyphs
    fo = font.get_font(self.font, self.size, self.bold, self.italic, 0, self.antialias, self.vertical, self.hinting, layout.oversample, self.shaper, self.instance, self.axis)
  File "C:\Users\Hina\Documents\renpy-8.3.7-sdk\renpy\text\font.py", line 745, in get_font
    face = load_face(fn, shaper)
  File "C:\Users\Hina\Documents\renpy-8.3.7-sdk\renpy\text\font.py", line 673, in load_face
    raise Exception("Could not find font {0!r}.".format(orig_fn))
Exception: Could not find font 'font/Cantarell-Regullar.ttf'.

Full traceback:
  File "C:\Users\Hina\Documents\renpy-8.3.7-sdk\renpy\bootstrap.py", line 359, in bootstrap
    renpy.main.main()
  File "C:\Users\Hina\Documents\renpy-8.3.7-sdk\renpy\main.py", line 652, in main
    run(restart)
  File "C:\Users\Hina\Documents\renpy-8.3.7-sdk\renpy\main.py", line 148, in run
    renpy.execution.run_context(True)
  File "C:\Users\Hina\Documents\renpy-8.3.7-sdk\renpy\execution.py", line 958, in run_context
    context.run()
  File "game/script.rpy", line 27, in script
    e "You've created a new Ren'Py game."
  File "lib/python3.9/future/utils/__init__.py", line 444, in raise_
  File "game/script.rpy", line 27, in script
    e "You've created a new Ren'Py game."
  File "C:\Users\Hina\Documents\renpy-8.3.7-sdk\renpy\ast.py", line 2586, in execute
    Say.execute(self)
  File "C:\Users\Hina\Documents\renpy-8.3.7-sdk\renpy\ast.py", line 591, in execute
    statement_name(stmt_name)
  File "C:\Users\Hina\Documents\renpy-8.3.7-sdk\renpy\ast.py", line 58, in statement_name
    i(name)
  File "renpy/common/000window.rpy", line 132, in _window_auto_callback
    _window_show(auto=True)
  File "renpy/common/000window.rpy", line 75, in _window_show
    renpy.with_statement(trans)
  File "C:\Users\Hina\Documents\renpy-8.3.7-sdk\renpy\exports\statementexports.py", line 257, in with_statement
    return renpy.game.interface.do_with(trans, paired, clear=clear)
  File "C:\Users\Hina\Documents\renpy-8.3.7-sdk\renpy\display\core.py", line 1581, in do_with
    return self.interact(trans_pause=True,
  File "C:\Users\Hina\Documents\renpy-8.3.7-sdk\renpy\display\core.py", line 2218, in interact
    repeat, rv = self.interact_core(preloads=preloads, trans_pause=trans_pause, pause=pause, pause_start=pause_start, pause_modal=pause_modal, **kwargs) # type: ignore
  File "C:\Users\Hina\Documents\renpy-8.3.7-sdk\renpy\display\core.py", line 2882, in interact_core
    self.draw_screen(root_widget, fullscreen_video, (not fullscreen_video) or video_frame_drawn)
  File "C:\Users\Hina\Documents\renpy-8.3.7-sdk\renpy\display\core.py", line 1384, in draw_screen
    surftree = renpy.display.render.render_screen(
  File "render.pyx", line 486, in renpy.display.render.render_screen
  File "render.pyx", line 260, in renpy.display.render.render
  File "C:\Users\Hina\Documents\renpy-8.3.7-sdk\renpy\display\layout.py", line 900, in render
    surf = render(child, width, height, cst, cat)
  File "render.pyx", line 170, in renpy.display.render.render
  File "render.pyx", line 260, in renpy.display.render.render
  File "C:\Users\Hina\Documents\renpy-8.3.7-sdk\renpy\display\transition.py", line 384, in render
    top = render(self.new_widget, width, height, st, at)
  File "render.pyx", line 170, in renpy.display.render.render
  File "render.pyx", line 260, in renpy.display.render.render
  File "C:\Users\Hina\Documents\renpy-8.3.7-sdk\renpy\display\layout.py", line 900, in render
    surf = render(child, width, height, cst, cat)
  File "render.pyx", line 170, in renpy.display.render.render
  File "render.pyx", line 260, in renpy.display.render.render
  File "C:\Users\Hina\Documents\renpy-8.3.7-sdk\renpy\display\layout.py", line 900, in render
    surf = render(child, width, height, cst, cat)
  File "render.pyx", line 170, in renpy.display.render.render
  File "render.pyx", line 260, in renpy.display.render.render
  File "C:\Users\Hina\Documents\renpy-8.3.7-sdk\renpy\display\screen.py", line 755, in render
    child = renpy.display.render.render(self.child, w, h, st, at)
  File "render.pyx", line 170, in renpy.display.render.render
  File "render.pyx", line 260, in renpy.display.render.render
  File "C:\Users\Hina\Documents\renpy-8.3.7-sdk\renpy\display\layout.py", line 900, in render
    surf = render(child, width, height, cst, cat)
  File "render.pyx", line 170, in renpy.display.render.render
  File "render.pyx", line 260, in renpy.display.render.render
  File "C:\Users\Hina\Documents\renpy-8.3.7-sdk\renpy\display\layout.py", line 1457, in render
    surf = render(child,
  File "render.pyx", line 170, in renpy.display.render.render
  File "render.pyx", line 260, in renpy.display.render.render
  File "C:\Users\Hina\Documents\renpy-8.3.7-sdk\renpy\text\text.py", line 2627, in render
    virtual_layout = Layout(self, width, height, renders, drawable_res=False, size_only=True)
  File "C:\Users\Hina\Documents\renpy-8.3.7-sdk\renpy\text\text.py", line 776, in __init__
    glyphs = ts.glyphs(s, self)
  File "C:\Users\Hina\Documents\renpy-8.3.7-sdk\renpy\text\text.py", line 348, in glyphs
    fo = font.get_font(self.font, self.size, self.bold, self.italic, 0, self.antialias, self.vertical, self.hinting, layout.oversample, self.shaper, self.instance, self.axis)
  File "C:\Users\Hina\Documents\renpy-8.3.7-sdk\renpy\text\font.py", line 745, in get_font
    face = load_face(fn, shaper)
  File "C:\Users\Hina\Documents\renpy-8.3.7-sdk\renpy\text\font.py", line 673, in load_face
    raise Exception("Could not find font {0!r}.".format(orig_fn))
Exception: Could not find font 'font/Cantarell-Regullar.ttf'.

While running game code:
  File "game/script.rpy", line 27, in script
    e "You've created a new Ren'Py game."
  File "game/script.rpy", line 27, in script
    e "You've created a new Ren'Py game."
  File "renpy/common/000window.rpy", line 132, in _window_auto_callback
    _window_show(auto=True)
  File "renpy/common/000window.rpy", line 75, in _window_show
    renpy.with_statement(trans)
Exception: Could not find font 'font/Cantarell-Regullar.ttf'.
